1fkb_ligand -15.797223
1fkb_ligand -15.797223
1fkb_ligand -15.797223
1fkb_ligand -15.797223
1fkb_ligand -15.797223
1fkb_ligand -15.797223
1fkb_ligand -15.797223
1fkb_ligand -15.797223
1fkb_ligand -15.797223
1fkb_ligand -15.797223
1fkb_ligand -15.797223
1fkb_ligand -15.797223
1fkb_ligand -15.797223
1fkb_ligand -15.797223
1fkb_ligand -15.797223
1fkb_ligand -15.797223
1fkb_ligand -15.797223
1fkb_ligand -15.797223
1fkb_ligand -15.797223
1fkb_ligand -15.797223
1fkb_ligand -15.797223
1fkb_ligand -15.797223
1fkb_ligand -15.797223
1fkb_ligand -15.797223
1fkb_ligand -15.797223
1fkb_ligand -15.797223
1fkb_ligand -15.797223
1fkb_ligand -15.797223
1fkb_ligand -15.797223
1fkb_ligand -15.797223
1fkb_ligand -15.797223
1fkb_ligand -15.797223
1fkb_ligand -15.797223
1fkb_ligand -15.797223
1fkb_ligand -15.797223
1fkb_ligand -15.797223
1fkb_ligand -15.797223
1fkb_ligand -15.797223
1fkb_ligand -15.797223
1fkb_ligand -15.797223
1fkb_ligand -15.797223
1fkb_ligand -15.797223
1fkb_ligand -15.797223
1fkb_ligand -15.797223
1fkb_ligand -15.797223
1fkb_ligand -15.797223
1fkb_ligand -15.797223
1fkb_ligand -15.797223
1fkb_ligand -15.797223
1fkb_ligand -15.797223
1fkb_ligand -15.797223
1fkb_ligand -15.797223
1fkb_ligand -15.797223
1fkb_ligand -15.797223
1fkb_ligand -15.797223
1fkb_ligand -15.797223
1fkb_ligand -15.797223
1fkb_ligand -15.797223
1fkb_ligand -15.797223
1fkb_ligand -15.797223
1fkb_ligand -15.797223
1fkb_ligand -15.797223
1fkb_ligand -15.797223
1fkb_ligand -15.797223
1fkb_ligand -15.797223
1fkb_ligand -15.797223
1fkb_ligand -15.797223
1fkb_ligand -15.797223
1fkb_ligand -15.797223
1fkb_ligand -15.797223
1fkb_ligand -15.797223
1fkb_ligand -15.797223
1fkb_ligand -15.797223
1fkb_ligand -15.797223
1fkb_ligand -15.797223
1fkb_ligand -15.797223
1fkb_ligand -15.797223
1fkb_ligand -15.797223
1fkb_ligand -15.797223
1fkb_ligand -15.797223
1fkb_ligand -15.797223
1fkb_ligand -15.797223
1fkb_ligand -15.797223
1fkb_ligand -15.797223
1fkb_ligand -15.797223
1fkb_ligand -15.797223
1fkb_ligand -15.797223
1fkb_ligand -15.797223
1fkb_ligand -15.797223
1fkb_ligand -15.797223
