1fkb_ligand 539.396973
1fkb_ligand -1.761165
1fkb_ligand 258.415039
1fkb_ligand 68.667709
1fkb_ligand 12437.268555
1fkb_ligand -2.871051
1fkb_ligand 1389.434570
1fkb_ligand 12.176371
1fkb_ligand 1013.320801
1fkb_ligand -3.251438
1fkb_ligand 8382.852539
1fkb_ligand 0.496721
1fkb_ligand 407.760437
1fkb_ligand 43.870159
1fkb_ligand -1.216617
1fkb_ligand 6293.284668
1fkb_ligand -1.069460
1fkb_ligand 42014.027344
1fkb_ligand 212.117737
1fkb_ligand 1177.880249
1fkb_ligand 6117.923340
1fkb_ligand -3.735196
1fkb_ligand 16430.962891
1fkb_ligand 10934.135742
1fkb_ligand -3.866023
1fkb_ligand -4.331719
1fkb_ligand -2.297374
1fkb_ligand -4.298451
1fkb_ligand 53.404636
1fkb_ligand 32314.031250
1fkb_ligand 27.287836
1fkb_ligand 1225.172119
1fkb_ligand -2.480323
1fkb_ligand -5.574950
1fkb_ligand -0.636314
1fkb_ligand 9444.715820
1fkb_ligand 5.897063
1fkb_ligand 360.675751
1fkb_ligand -4.547275
1fkb_ligand -3.307467
1fkb_ligand 2055.360107
1fkb_ligand 2620.570801
1fkb_ligand 249.643951
1fkb_ligand 2274.066406
1fkb_ligand 4050.573486
1fkb_ligand 633.685120
1fkb_ligand 799.226868
1fkb_ligand -4.031008
1fkb_ligand 254.840179
1fkb_ligand 43469.531250
1fkb_ligand 10465.821289
1fkb_ligand 12109.644531
1fkb_ligand 954.126099
1fkb_ligand 12.863914
1fkb_ligand -5.691653
1fkb_ligand -2.658456
1fkb_ligand -3.544702
1fkb_ligand 3727.257324
1fkb_ligand 237.604095
1fkb_ligand 80.713669
1fkb_ligand -1.272900
1fkb_ligand 1612.575562
1fkb_ligand 13479.868164
1fkb_ligand 18642.269531
1fkb_ligand 39.553154
1fkb_ligand 15.650548
1fkb_ligand -3.321615
1fkb_ligand -2.341985
1fkb_ligand 634.898621
1fkb_ligand 1737.151367
1fkb_ligand 394.355408
1fkb_ligand 20163.259766
1fkb_ligand 4344.241211
1fkb_ligand -5.275512
1fkb_ligand -1.041655
1fkb_ligand 3.224717
1fkb_ligand -2.584274
1fkb_ligand 2459.963379
1fkb_ligand 150.476105
1fkb_ligand 168.046753
1fkb_ligand -5.851388
1fkb_ligand 2975.520508
1fkb_ligand 10623.083984
1fkb_ligand 1799.392700
1fkb_ligand -0.999130
1fkb_ligand -2.683452
1fkb_ligand -2.303463
1fkb_ligand -6.086370
1fkb_ligand 162.709595
1fkb_ligand 3847.141602
