1fkb_ligand -6.524523
1fkb_ligand 4.957603
1fkb_ligand 2046.644897
1fkb_ligand 204821.218750
1fkb_ligand -4.555342
1fkb_ligand -5.889270
1fkb_ligand 225.794495
1fkb_ligand -3.367735
1fkb_ligand -3.286104
1fkb_ligand -0.568222
1fkb_ligand 27482.083984
1fkb_ligand 37303.152344
1fkb_ligand 23.301928
1fkb_ligand -3.030956
1fkb_ligand 42.239346
1fkb_ligand -0.867153
1fkb_ligand -2.455806
1fkb_ligand 224.870209
1fkb_ligand 12559.332031
1fkb_ligand -3.993540
1fkb_ligand 13433.900391
1fkb_ligand 10.274014
1fkb_ligand 8634.021484
1fkb_ligand -1.703946
1fkb_ligand 7485.801758
1fkb_ligand -6.055911
1fkb_ligand 3752.718506
1fkb_ligand 2043.118286
1fkb_ligand -2.764724
1fkb_ligand -5.115246
1fkb_ligand -4.839612
1fkb_ligand 151812.750000
1fkb_ligand 4084.616211
1fkb_ligand -2.091401
1fkb_ligand 5502.745605
1fkb_ligand -5.200383
1fkb_ligand 54.694172
1fkb_ligand 2671.015869
1fkb_ligand 731.573914
1fkb_ligand 18553.458984
1fkb_ligand -6.559767
1fkb_ligand 5318.560059
1fkb_ligand 11227.933594
1fkb_ligand 0.386799
1fkb_ligand -4.156718
1fkb_ligand 8134.092773
1fkb_ligand 660.662781
1fkb_ligand 463.999268
1fkb_ligand 5788.243652
1fkb_ligand 22.827494
1fkb_ligand 12211.393555
1fkb_ligand -3.155711
1fkb_ligand 1.093972
1fkb_ligand 61437.238281
1fkb_ligand 1890.234741
1fkb_ligand -2.254827
1fkb_ligand -1.720574
1fkb_ligand 17.653053
1fkb_ligand -0.000180
1fkb_ligand -4.284624
1fkb_ligand -1.960955
1fkb_ligand 25462.019531
1fkb_ligand 5.488364
1fkb_ligand -2.508602
1fkb_ligand -3.504827
1fkb_ligand 5801.479004
1fkb_ligand -3.243973
1fkb_ligand 1895.418823
1fkb_ligand 187.270920
1fkb_ligand -6.111284
1fkb_ligand -1.712809
1fkb_ligand -3.300647
1fkb_ligand -4.434519
1fkb_ligand -3.300239
1fkb_ligand -7.421822
1fkb_ligand -2.369381
1fkb_ligand 48.785622
1fkb_ligand 4.157887
1fkb_ligand -3.691052
1fkb_ligand 223.418503
1fkb_ligand -1.845450
1fkb_ligand -3.547696
1fkb_ligand -3.585248
1fkb_ligand -2.064402
1fkb_ligand 77.930382
1fkb_ligand 24652.310547
1fkb_ligand -4.302800
1fkb_ligand 2570.128662
1fkb_ligand 47.380966
1fkb_ligand -3.152552
